
> contractor-trust-hub@0.1.0 check:con-cap-002
> npx --yes tsx --test scripts/test_con_cap_002.ts

✔ contract family/version/fingerprints are deterministic (1.2866ms)
✔ state/source selection is exact (1.3094ms)
✔ New Jersey class matrix is source-native (0.2707ms)
✔ generic and General NJ requests never invent a population (0.9732ms)
✔ New Jersey statewide and authoritative Summit geography normalize safely (0.2984ms)
✔ invalid and conflicting New Jersey geography fails closed (0.3417ms)
✔ statewide fallback is explicit (0.2328ms)
✔ service territory is never inferred (0.2214ms)
✔ publication gate, row privacy, ordering, and exact lookup remain deterministic (0.323ms)
✔ pagination is bounded and stable by contract (0.3392ms)
✔ Florida accepted behavior remains locked (0.5266ms)
✔ route and contract expose safe state distinctions without writes (0.2503ms)
ℹ tests 12
ℹ suites 0
ℹ pass 12
ℹ fail 0
ℹ cancelled 0
ℹ skipped 0
ℹ todo 0
ℹ duration_ms 485.9509
