
> contractor-trust-hub@0.1.0 check:th-search-r1-009
> npx --yes tsx --test scripts/test_th_search_r1_009.ts

✔ Austin city survives before capability selection (6.8074ms)
✔ Dallas city survives before capability selection (4.0414ms)
✔ Houston city survives before capability selection (0.5954ms)
✔ El Paso city survives before capability selection (0.5269ms)
✔ ordinary explicit city/state forms use one extraction (1.3879ms)
✔ Browrd typo cannot authorize Florida execution (15.2674ms)
✔ accepted correction equals exact county query, including real SQL (16.5475ms)
✔ invalid or cross-state correction cannot execute (11.838ms)
✔ explicit broadening preserves original city, trade and status with TX native class (3.0878ms)
✔ broadening cannot change state or unsupported trade (1.9928ms)
✔ business names do not become geography or correction (0.9027ms)
✔ ambiguous, unknown, radius and multiple places remain unresolved (7.9345ms)
✔ other filters and requested text survive action URLs and pagination (2.5873ms)
✔ full input/duplicate/action/page validation before parsing (0.5511ms)
✔ native/canonical route policy shares full interpreted geography (4.0944ms)
✔ FL predicates apply county/city before pagination and retain source identity (2.3755ms)
✔ NJ Master Plumber is PLB, not Florida plumbing classes (1.4559ms)
✔ exact credential routing remains intact (1.0333ms)
✔ actual V2 execution uses source/class/county predicates before limit and builds truthful rows (4.2943ms)
✔ actual V2 city equality is executed with state, not a statewide window (0.5939ms)
✔ actual NJ and TX positive execution remains useful and source-native (0.5827ms)
✔ unsupported local scope blocks source calls; valid zero differs from source failure (1.2078ms)
✔ pagination retains source scope and count independently of displayed row count (0.3242ms)
✔ form resubmission field contract avoids duplicated select parameters (2.1006ms)
✔ cleared status means all and Texas source attribution remains TDLR only (0.7698ms)
✔ structured source entry cannot discard malformed or oversized city (0.6273ms)
✔ Texas source-native TAC equality uses the existing composite index shape (0.4444ms)
ℹ tests 27
ℹ suites 0
ℹ pass 27
ℹ fail 0
ℹ cancelled 0
ℹ skipped 0
ℹ todo 0
ℹ duration_ms 669.995
