
> contractor-trust-hub@0.1.0 check:th-search-r1-009
> npx --yes tsx --test scripts/test_th_search_r1_009.ts

✔ Austin city survives before capability selection (5.7839ms)
✔ Dallas city survives before capability selection (2.0837ms)
✔ Houston city survives before capability selection (0.3301ms)
✔ El Paso city survives before capability selection (0.2917ms)
✔ ordinary explicit city/state forms use one extraction (0.5683ms)
✔ Browrd typo cannot authorize Florida execution (4.3333ms)
✔ accepted correction equals exact county query, including real SQL (1.6383ms)
✖ invalid or cross-state correction cannot execute (4.6237ms)
✔ explicit broadening preserves original city, trade and status with TX native class (1.1644ms)
✔ broadening cannot change state or unsupported trade (0.6133ms)
✔ business names do not become geography or correction (0.2115ms)
✔ ambiguous, unknown, radius and multiple places remain unresolved (2.5782ms)
✔ other filters and requested text survive action URLs and pagination (0.9839ms)
✔ full input/duplicate/action/page validation before parsing (0.2148ms)
✔ native/canonical route policy shares full interpreted geography (1.6385ms)
✔ FL predicates apply county/city before pagination and retain source identity (1.144ms)
✔ NJ Master Plumber is PLB, not Florida plumbing classes (0.3679ms)
✔ exact credential routing remains intact (0.277ms)
✔ actual V2 execution uses source/class/county predicates before limit and builds truthful rows (1.6638ms)
✔ actual V2 city equality is executed with state, not a statewide window (0.3084ms)
✔ actual NJ and TX positive execution remains useful and source-native (0.3508ms)
✔ unsupported local scope blocks source calls; valid zero differs from source failure (0.6143ms)
✔ pagination retains source scope and count independently of displayed row count (0.221ms)
✔ form resubmission field contract avoids duplicated select parameters (1.6512ms)
✔ cleared status means all and Texas source attribution remains TDLR only (0.6249ms)
✔ structured source entry cannot discard malformed or oversized city (0.4577ms)
✔ Texas source-native TAC equality uses the existing composite index shape (0.2787ms)
✔ actual geography controls do not prefetch a correction or broader execution (115.6051ms)
✔ accepted correction can be followed by explicit state broadening without losing its history (2.991ms)
✔ invalid prior correction cannot authorize typo broadening (1.3675ms)
ℹ tests 30
ℹ suites 0
ℹ pass 29
ℹ fail 1
ℹ cancelled 0
ℹ skipped 0
ℹ todo 0
ℹ duration_ms 745.1805

✖ failing tests:

test at scripts\test_th_search_r1_009.ts:2:3893
✖ invalid or cross-state correction cannot execute (4.6237ms)
  AssertionError [ERR_ASSERTION]: Expected values to be strictly equal:

  true !== false

      at TestContext.<anonymous> (C:\Users\makei\th-search-r1-009-work\scripts\test_th_search_r1_009.ts:77:10)
      at Test.runInAsyncScope (node:async_hooks:227:14)
      at Test.run (node:internal/test_runner/test:1382:25)
      at Test.processPendingSubtests (node:internal/test_runner/test:960:18)
      at Test.postRun (node:internal/test_runner/test:1522:19)
      at Test.run (node:internal/test_runner/test:1447:12)
      at async Test.processPendingSubtests (node:internal/test_runner/test:960:7) {
    generatedMessage: true,
    code: 'ERR_ASSERTION',
    actual: true,
    expected: false,
    operator: 'strictEqual',
    diff: 'simple'
  }
